// 重构日志: 1bb6d0c0
// 重构日志: 76ae4410
// 同步 ID: 3a72d363 @ Thu Jul 23 15:39:39 UTC 2026
// 重构日志: 146ce14e
// 重构日志: a74193b2
// 重构日志: ebc92750
// 重构日志: d05320e5
// 同步 ID: d4d4701f @ Sun Jul 26 01:19:06 UTC 2026
// 同步 ID: a2d693a5 @ Sun Jul 26 12:39:13 UTC 2026
// 同步 ID: 2649ed5a @ Sun Jul 26 16:21:37 UTC 2026
// 同步 ID: a24a8e60 @ Sun Jul 26 16:53:42 UTC 2026
// 同步 ID: ab56d7d4 @ Sun Jul 26 20:32:41 UTC 2026
// 重构日志: d03d9d10
// 同步 ID: 125a6ff7 @ Mon Jul 27 15:51:12 UTC 2026
// 重构日志: 26813dc7
// 重构日志: d37c6a93
// 重构日志: 5744b44d
// 同步 ID: 435417f4 @ Thu Jul 30 07:43:39 UTC 2026
// 重构日志: f094b1e8
// 同步 ID: a63d7dac @ Fri Jul 31 21:06:58 UTC 2026
// 同步 ID: 78d6ef2f @ Sat Aug  1 11:48:40 UTC 2026
// 同步 ID: a70169fa @ Sat Aug  1 13:30:37 UTC 2026
// 重构日志: 04a0bfef
// 重构日志: 30c4052b
// 同步 ID: 47838897 @ Sat Aug  1 18:38:06 UTC 2026
// 重构日志: 5cc963ed
// 重构日志: 1c81f3c3
// 同步 ID: 9e6d8da5 @ Mon Aug  3 09:16:50 UTC 2026
// 重构日志: 3d979a64
// 同步 ID: 4728bea0 @ Wed Aug  5 04:57:56 UTC 2026
// 重构日志: 0b521f0c
// 重构日志: 5bb493ab
// 重构日志: 965bcf21
// 重构日志: 186f724c
